Invoices for Myrna Loy

* Invoice 661
    * Amount: $269.00
    * Date: 10/12/2020
    * Paid: 11/3/2020

* Invoice 958
    * Amount: $40.00
    * Date: 11/15/2020
    * Paid: Outstanding
