Invoices for Janis Joplin

Invoice 102
    Amount: $170.00
    Date: 7/12/2020
    Paid: Outstanding

Invoice 106
    Amount: $170.00
    Date: 9/12/2020
    Paid: Outstanding

Invoice 117
    Amount: $170.00
    Date: 11/12/2020
    Paid: Outstanding
